I'm sorry, but errors were detected in your script. Please correct the
errors listed below, and try again.


The label write_letter is defined twice, at File "game/functions.rpy", line 171:
label write_letter:
and File "game/script.rpy", line 147:
label write_letter:


Ren'Py Version: Ren'Py 8.4.1.25072401
Thu Sep 11 01:46:44 2025
